// Jest Snapshot v1, https://goo.gl/fbAQLP

exports[`Paper renders correctly 1`] = `
<div
  className="className elevation1 rounded"
>
  ペーパー
</div>
`;
