// Jest Snapshot v1, https://goo.gl/fbAQLP

exports[`Txt Renders correctly 1`] = `
<p
  className="txt base visualLevel1 "
>
  Txt
</p>
`;
